Microchip MPLAB XC8 Compiler V3.00

Linker command line:

-W-3 \
  --edf=C:/Program Files/Microchip/MPLABX/v6.25/packs/Microchip/PIC18Fxxxx_DFP/1.7.171/xc8\pic\dat\20250117225543_en.msgs \
  -cn -h+dist/default/production\testuart.X.production.sym \
  --cmf=dist/default/production\testuart.X.production.cmf -z -Q18F4550 \
  -oC:\Users\84839\AppData\Local\Temp\xcAs1s8o.\driver_tmp_3.o \
  --defsym=__MPLAB_BUILD=1 --fixupoverflow=error \
  -Mdist/default/production/testuart.X.production.map \
  --md=C:\Users\84839\AppData\Local\Temp\xcAs1s8o.\driver_tmp_0.dat -E1 \
  -ver=XC8 Compiler -ACODE=00h-07FFFh -ACONST=00h-07FFFh \
  -ASMALLCONST=0800h-08FFhx120 -AMEDIUMCONST=0800h-07FFFh -ACOMRAM=01h-05Fh \
  -AABS1=00h-07FFh -ABIGRAM=01h-07FFh -ARAM=060h-0FFh,0100h-01FFhx7 \
  -ABANK0=060h-0FFh -ABANK1=0100h-01FFh -ABANK2=0200h-02FFh \
  -ABANK3=0300h-03FFh -ABANK4=0400h-04FFh -ABANK5=0500h-05FFh \
  -ABANK6=0600h-06FFh -ABANK7=0700h-07FFh -ASFR=0F60h-0FFFh \
  -ABIGSFR=0F60h-0FFFh -ACONFIG=0300000h-030000Dh -AIDLOC=0200000h-0200007h \
  -AEEDATA=0F00000h-0F000FFh -peeprom_data=EEDATA \
  -preset_vec=00h,intcode=8h,intcodelo=18h,sivt_lo,sivt_hi=CODE \
  -ppowerup=CODE,init -pramtop=0800h -psmallconst=SMALLCONST \
  -pmediumconst=MEDIUMCONST -pconst=CONST -AFARRAM=00h-00h \
  -prdata=COMRAM,nvrram=COMRAM,nvbit=COMRAM,rbss=COMRAM,rbit=COMRAM \
  -pfarbss=FARRAM,fardata=FARRAM,nvFARRAM=FARRAM \
  -pintsave_regs=BIGRAM,bigbss=BIGRAM,bigdata=BIGRAM -pbss=RAM \
  -pidata=CODE,irdata=CODE,ibigdata=CODE,ifardata=CODE -prparam=COMRAM \
  C:\Users\84839\AppData\Local\Temp\xcAs1s8o.\driver_tmp_9.o \
  dist/default/production\testuart.X.production.o 

Object code version is 3.11

Machine type is 18F4550



                Name                               Link     Load   Length Selector   Space Scale
C:\Users\84839\AppData\Local\Temp\xcAs1s8o.\driver_tmp_9.o
                config                           300000   300000        E        0       4
                init                               7FFC     7FFC        4     3FFE       0
                reset_vec                             0        0        4        0       0
dist/default/production\testuart.X.production.o
                config                           300000   300000        E        0       4
                smallconst                          800      800       6C      400       0
                text26                             26DE     26DE       4A      436       0
                text25                             268E     268E       50      436       0
                text24                             292E     292E        8     1488       0
                text23                             284E     284E       2E      436       0
                text22                             263E     263E       50      436       0
                text21                             287C     287C       2C      436       0
                text20                             27AA     27AA       3C      436       0
                text19                             2926     2926        8     1488       0
                text18                              D8A      D8A      4B6      436       0
                text17                             1666     1666      390      436       0
                text16                             1240     1240      426      436       0
                text15                             223C     223C      106      436       0
                text14                             1EF0     1EF0      1B4      436       0
                text13                             2446     2446       FE      436       0
                text12                             2544     2544       9C      436       0
                text11                             2910     2910       16     1488       0
                text10                             28D2     28D2       26      436       0
                text9                              1CD8     1CD8      218      436       0
                text8                              281E     281E       30      436       0
                text7                              2342     2342      104      436       0
                text6                              27E6     27E6       38      436       0
                text5                              2728     2728       46      436       0
                text4                              19F6     19F6      2E2      436       0
                text3                              20A4     20A4      198      436       0
                text2                              25E0     25E0       5E      436       0
                text1                              28A8     28A8       2A      436       0
                text0                               86C      86C      51E      436       0
                cstackCOMRAM                          1        1       5E        1       1
                cstackBANK0                          60       60       35       60       1
                dataBANK0                            95       95       17       60       1
                bssBANK0                             AC       AC       11       60       1
                bssCOMRAM                            5F       5F        1        1       1
                cinit                              276E     276E       3C      436       0
                idataBANK0                         28F8     28F8       17      436       0

TOTAL           Name                               Link     Load   Length     Space
        CLASS   CODE           
                init                               7FFC     7FFC        4         0
                reset_vec                             0        0        4         0
                text26                             26DE     26DE       4A         0
                text25                             268E     268E       50         0
                text24                             292E     292E        8         0
                text23                             284E     284E       2E         0
                text22                             263E     263E       50         0
                text21                             287C     287C       2C         0
                text20                             27AA     27AA       3C         0
                text19                             2926     2926        8         0
                text18                              D8A      D8A      4B6         0
                text17                             1666     1666      390         0
                text16                             1240     1240      426         0
                text15                             223C     223C      106         0
                text14                             1EF0     1EF0      1B4         0
                text13                             2446     2446       FE         0
                text12                             2544     2544       9C         0
                text11                             2910     2910       16         0
                text10                             28D2     28D2       26         0
                text9                              1CD8     1CD8      218         0
                text8                              281E     281E       30         0
                text7                              2342     2342      104         0
                text6                              27E6     27E6       38         0
                text5                              2728     2728       46         0
                text4                              19F6     19F6      2E2         0
                text3                              20A4     20A4      198         0
                text2                              25E0     25E0       5E         0
                text1                              28A8     28A8       2A         0
                text0                               86C      86C      51E         0
                cinit                              276E     276E       3C         0
                idataBANK0                         28F8     28F8       17         0

        CLASS   CONST          

        CLASS   SMALLCONST     
                smallconst                          800      800       6C         0

        CLASS   MEDIUMCONST    

        CLASS   COMRAM         
                cstackCOMRAM                          1        1       5E         1
                bssCOMRAM                            5F       5F        1         1

        CLASS   ABS1           

        CLASS   BIGRAM         

        CLASS   RAM            

        CLASS   BANK0          
                cstackBANK0                          60       60       35         1
                dataBANK0                            95       95       17         1
                bssBANK0                             AC       AC       11         1

        CLASS   BANK1          

        CLASS   BANK2          

        CLASS   BANK3          

        CLASS   BANK4          

        CLASS   BANK5          

        CLASS   BANK6          

        CLASS   BANK7          

        CLASS   SFR            

        CLASS   BIGSFR         

        CLASS   CONFIG         
                config                           300000   300000        E         4

        CLASS   IDLOC          

        CLASS   EEDATA         

        CLASS   FARRAM         

        CLASS   HEAP           

        CLASS   STACK          



SEGMENTS        Name                           Load    Length   Top    Selector   Space  Class

                reset_vec                      000000  000004  000004         0       0  CODE    
                cstackCOMRAM                   000001  00005F  000060         1       1  COMRAM  
                cstackBANK0                    000060  00005D  0000BD        60       1  BANK0   
                smallconst                     000800  00006C  00086C       400       0  SMALLCON
                text0                          00086C  0020A3  00290F       436       0  CODE    
                text11                         002910  000026  002936      1488       0  CODE    
                init                           007FFC  000004  008000      3FFE       0  CODE    


UNUSED ADDRESS RANGES

        Name                Unused          Largest block    Delta
        BANK0            0000BD-0000FF               43
        BANK1            000100-0001FF              100
        BANK2            000200-0002FF              100
        BANK3            000300-0003FF              100
        BANK4            000400-0004FF              100
        BANK5            000500-0005FF              100
        BANK6            000600-0006FF              100
        BANK7            000700-0007FF              100
        BIGRAM           0000BD-0007FF              743
        BIGSFR           000F60-000FFF               A0
        CODE             000004-0007FF              7FC
                         00290F-00290F                1
                         002936-007FFB             56C6
        CONST            000004-0007FF              7FC
                         00290F-00290F                1
                         002936-007FFB             56C6
        EEDATA           F00000-F000FF              100
        IDLOC            200000-200007                8
        MEDIUMCONST      00290F-00290F                1
                         002936-007FFB             56C6
        RAM              0000BD-0007FF              100
        SFR              000F60-000FFF               A0
        SMALLCONST       00290F-00290F                1
                         002936-007FFB              100

                                  Symbol Table

?___fladd                      cstackCOMRAM 000041
?___fldiv                      cstackCOMRAM 000028
?___flmul                      cstackCOMRAM 00000F
?___flneg                      cstackCOMRAM 000001
?___flsub                      cstackCOMRAM 000051
?___fltol                      cstackCOMRAM 000051
?___xxtofl                     cstackCOMRAM 000001
?_roundf                       cstackCOMRAM 000059
?_setPeriodTo                  cstackBANK0  00007B
?_strcmp                       cstackCOMRAM 000001
LCD_Char@dat                   cstackCOMRAM 000008
LCD_Command@cmd                cstackCOMRAM 000008
LCD_String@msg                 cstackCOMRAM 000009
LCD_String_xy@location         cstackCOMRAM 00000D
LCD_String_xy@msg              cstackCOMRAM 00000B
LCD_String_xy@pos              cstackCOMRAM 00000A
LCD_String_xy@row              cstackCOMRAM 00000C
MSdelay@i                      cstackCOMRAM 000003
MSdelay@j                      cstackCOMRAM 000005
MSdelay@val                    cstackCOMRAM 000001
SetDutyCycleTo@Duty_cycle      cstackBANK0  000060
SetDutyCycleTo@PWM10BitValue   cstackBANK0  00006A
SetDutyCycleTo@Period          cstackBANK0  000064
UART_Initial@baud_rate         cstackCOMRAM 00005B
UART_Initial@bps               cstackBANK0  000060
UART_Write@data                cstackCOMRAM 000001
_BAUDCONbits                   (abs)        000FB8
_CCP1CON                       (abs)        000FBD
_CCPR1L                        (abs)        000FBE
_CREN                          (abs)        007D5C
_LATB                          (abs)        000F8A
_LATD                          (abs)        000F8C
_LATD0                         (abs)        007C60
_LATD1                         (abs)        007C61
_LATEbits                      (abs)        000F8D
_LCD_Char                      text22       00263E
_LCD_Clear                     text24       00292E
_LCD_Command                   text25       00268E
_LCD_Init                      text23       00284E
_LCD_String                    text21       00287C
_LCD_String_xy                 text20       0027AA
_MSdelay                       text26       0026DE
_OSCCON                        (abs)        000FD3
_PIR1bits                      (abs)        000F9E
_PORTB                         (abs)        000F81
_PORTDbits                     (abs)        000F83
_PR2                           (abs)        000FCB
_PWM_Init                      text19       002926
_RBPU                          (abs)        007F8F
_RCIF                          (abs)        007CF5
_RCREG                         (abs)        000FAE
_RCSTA                         (abs)        000FAB
_RCSTAbits                     (abs)        000FAB
_SPBRG                         (abs)        000FAF
_SetDutyCycleTo                text13       002446
_SetDutyCycleTo$1298           cstackBANK0  000066
_T2CON                         (abs)        000FCA
_T2CONbits                     (abs)        000FCA
_TMR2                          (abs)        000FCC
_TRISB                         (abs)        000F93
_TRISCbits                     (abs)        000F94
_TRISD                         (abs)        000F95
_TRISDbits                     (abs)        000F95
_TRISEbits                     (abs)        000F96
_TXREG                         (abs)        000FAD
_TXSTAbits                     (abs)        000FAC
_UART_Initial                  text12       002544
_UART_Write                    text11       002910
_USART_Read                    text10       0028D2
__HRAM                         (abs)        000000
__H__absolute__                __absolute__ 000000
__Habs1                        abs1         000000
__Hbank0                       bank0        000000
__Hbank1                       bank1        000000
__Hbank2                       bank2        000000
__Hbank3                       bank3        000000
__Hbank4                       bank4        000000
__Hbank5                       bank5        000000
__Hbank6                       bank6        000000
__Hbank7                       bank7        000000
__Hbigbss                      bigbss       000000
__Hbigdata                     bigdata      000000
__Hbigram                      bigram       000000
__Hbigsfr                      bigsfr       000000
__Hbss                         bss          000000
__HbssBANK0                    bssBANK0     000000
__HbssCOMRAM                   bssCOMRAM    000000
__Hcinit                       cinit        000000
__Hclrtext                     clrtext      000000
__Hcomram                      comram       000000
__Hconfig                      config       30000E
__Hconst                       const        000000
__HcstackBANK0                 cstackBANK0  000000
__HcstackCOMRAM                cstackCOMRAM 000000
__Hdata                        data         000000
__HdataBANK0                   dataBANK0    000000
__Heeprom_data                 eeprom_data  000000
__Hfarbss                      farbss       000000
__Hfardata                     fardata      000000
__Hheap                        heap         000000
__Hibigdata                    ibigdata     000000
__Hidata                       idata        000000
__HidataBANK0                  idataBANK0   000000
__Hidloc                       idloc        000000
__Hifardata                    ifardata     000000
__Hinit                        init         008000
__Hintcode                     intcode      000008
__Hintcode_body                intcode_body 000000
__Hintcodelo                   intcodelo    000018
__Hintentry                    intentry     000000
__Hintret                      intret       000000
__Hintsave_regs                intsave_regs 000000
__Hirdata                      irdata       000000
__Hmediumconst                 mediumconst  000000
__HnvFARRAM                    nvFARRAM     000000
__Hnvbit                       nvbit        000000
__Hnvrram                      nvrram       000000
__Hparam                       rparam       000000
__Hpowerup                     powerup      000000
__Hram                         ram          000000
__Hramtop                      ramtop       000800
__Hrbit                        rbit         000000
__Hrbss                        rbss         000000
__Hrdata                       rdata        000000
__Hreset_vec                   reset_vec    000004
__Hrparam                      rparam       000000
__Hsfr                         sfr          000000
__Hsivt_hi                     sivt_hi      000000
__Hsivt_lo                     sivt_lo      000018
__Hsmallconst                  smallconst   00086C
__Hspace_0                     (abs)        008000
__Hspace_1                     (abs)        0000BD
__Hspace_2                     (abs)        000000
__Hspace_4                     (abs)        60000E
__Hstack                       stack        000000
__Hstruct                      struct       000000
__Htemp                        temp         000000
__Htext                        text         000000
__Htext0                       text0        000000
__Htext1                       text1        000000
__Htext10                      text10       000000
__Htext11                      text11       000000
__Htext12                      text12       000000
__Htext13                      text13       000000
__Htext14                      text14       000000
__Htext15                      text15       000000
__Htext16                      text16       000000
__Htext17                      text17       000000
__Htext18                      text18       000000
__Htext19                      text19       000000
__Htext2                       text2        000000
__Htext20                      text20       000000
__Htext21                      text21       000000
__Htext22                      text22       000000
__Htext23                      text23       000000
__Htext24                      text24       000000
__Htext25                      text25       000000
__Htext26                      text26       000000
__Htext3                       text3        000000
__Htext4                       text4        000000
__Htext5                       text5        000000
__Htext6                       text6        000000
__Htext7                       text7        000000
__Htext8                       text8        000000
__Htext9                       text9        000000
__LRAM                         (abs)        000001
__L__absolute__                __absolute__ 000000
__Labs1                        abs1         000000
__Lbank0                       bank0        000000
__Lbank1                       bank1        000000
__Lbank2                       bank2        000000
__Lbank3                       bank3        000000
__Lbank4                       bank4        000000
__Lbank5                       bank5        000000
__Lbank6                       bank6        000000
__Lbank7                       bank7        000000
__Lbigbss                      bigbss       000000
__Lbigdata                     bigdata      000000
__Lbigram                      bigram       000000
__Lbigsfr                      bigsfr       000000
__Lbss                         bss          000000
__LbssBANK0                    bssBANK0     000000
__LbssCOMRAM                   bssCOMRAM    000000
__Lcinit                       cinit        000000
__Lclrtext                     clrtext      000000
__Lcomram                      comram       000000
__Lconfig                      config       000000
__Lconst                       const        000000
__LcstackBANK0                 cstackBANK0  000000
__LcstackCOMRAM                cstackCOMRAM 000000
__Ldata                        data         000000
__LdataBANK0                   dataBANK0    000000
__Leeprom_data                 eeprom_data  000000
__Lfarbss                      farbss       000000
__Lfardata                     fardata      000000
__Lheap                        heap         000000
__Libigdata                    ibigdata     000000
__Lidata                       idata        000000
__LidataBANK0                  idataBANK0   000000
__Lidloc                       idloc        000000
__Lifardata                    ifardata     000000
__Linit                        init         007FFC
__Lintcode                     intcode      000008
__Lintcode_body                intcode_body 000000
__Lintcodelo                   intcodelo    000018
__Lintentry                    intentry     000000
__Lintret                      intret       000000
__Lintsave_regs                intsave_regs 000000
__Lirdata                      irdata       000000
__Lmediumconst                 mediumconst  000000
__LnvFARRAM                    nvFARRAM     000000
__Lnvbit                       nvbit        000000
__Lnvrram                      nvrram       000000
__Lparam                       rparam       000000
__Lpowerup                     powerup      000000
__Lram                         ram          000000
__Lramtop                      ramtop       000800
__Lrbit                        rbit         000000
__Lrbss                        rbss         000000
__Lrdata                       rdata        000000
__Lreset_vec                   reset_vec    000000
__Lrparam                      rparam       000000
__Lsfr                         sfr          000000
__Lsivt_hi                     sivt_hi      000000
__Lsivt_lo                     sivt_lo      000018
__Lsmallconst                  smallconst   000800
__Lspace_0                     (abs)        000000
__Lspace_1                     (abs)        000000
__Lspace_2                     (abs)        000000
__Lspace_4                     (abs)        000000
__Lstack                       stack        000000
__Lstruct                      struct       000000
__Ltemp                        temp         000000
__Ltext                        text         000000
__Ltext0                       text0        000000
__Ltext1                       text1        000000
__Ltext10                      text10       000000
__Ltext11                      text11       000000
__Ltext12                      text12       000000
__Ltext13                      text13       000000
__Ltext14                      text14       000000
__Ltext15                      text15       000000
__Ltext16                      text16       000000
__Ltext17                      text17       000000
__Ltext18                      text18       000000
__Ltext19                      text19       000000
__Ltext2                       text2        000000
__Ltext20                      text20       000000
__Ltext21                      text21       000000
__Ltext22                      text22       000000
__Ltext23                      text23       000000
__Ltext24                      text24       000000
__Ltext25                      text25       000000
__Ltext26                      text26       000000
__Ltext3                       text3        000000
__Ltext4                       text4        000000
__Ltext5                       text5        000000
__Ltext6                       text6        000000
__Ltext7                       text7        000000
__Ltext8                       text8        000000
__Ltext9                       text9        000000
__S0                           (abs)        008000
__S1                           (abs)        0000BD
__S4                           (abs)        000000
__S5                           (abs)        000000
___fladd                       text18       000D8A
___fladd@a                     cstackCOMRAM 000045
___fladd@aexp                  cstackCOMRAM 00004E
___fladd@b                     cstackCOMRAM 000041
___fladd@bexp                  cstackCOMRAM 00004F
___fladd@grs                   cstackCOMRAM 000050
___fladd@signs                 cstackCOMRAM 00004D
___fldiv                       text17       001666
___fldiv@a                     cstackCOMRAM 00002C
___fldiv@aexp                  cstackCOMRAM 000040
___fldiv@b                     cstackCOMRAM 000028
___fldiv@bexp                  cstackCOMRAM 00003F
___fldiv@grs                   cstackCOMRAM 00003B
___fldiv@new_exp               cstackCOMRAM 000039
___fldiv@rem                   cstackCOMRAM 000034
___fldiv@sign                  cstackCOMRAM 000038
___flge                        text7        002342
___flge@ff1                    cstackCOMRAM 000001
___flge@ff2                    cstackCOMRAM 000005
___flmul                       text16       001240
___flmul@a                     cstackCOMRAM 000013
___flmul@aexp                  cstackCOMRAM 000020
___flmul@b                     cstackCOMRAM 00000F
___flmul@bexp                  cstackCOMRAM 000021
___flmul@grs                   cstackCOMRAM 00001C
___flmul@prod                  cstackCOMRAM 000022
___flmul@sign                  cstackCOMRAM 00001B
___flmul@temp                  cstackCOMRAM 000026
___flneg                       text6        0027E6
___flneg@f1                    cstackCOMRAM 000001
___flsub                       text5        002728
___flsub@a                     cstackCOMRAM 000055
___flsub@b                     cstackCOMRAM 000051
___fltol                       text15       00223C
___fltol@exp1                  cstackCOMRAM 00005A
___fltol@f1                    cstackCOMRAM 000051
___fltol@sign1                 cstackCOMRAM 000059
___heap_hi                     (abs)        000000
___heap_lo                     (abs)        000000
___inthi_sp                    stack        000000
___inthi_stack_hi              stack        000000
___inthi_stack_lo              stack        000000
___intlo_sp                    stack        000000
___intlo_stack_hi              stack        000000
___intlo_stack_lo              stack        000000
___param_bank                  (abs)        000000
___rparam_used                 (abs)        000001
___sp                          stack        000000
___stack_hi                    stack        000000
___stack_lo                    stack        000000
___xxtofl                      text14       001EF0
___xxtofl@arg                  cstackCOMRAM 00000B
___xxtofl@exp                  cstackCOMRAM 00000A
___xxtofl@sign                 cstackCOMRAM 000009
___xxtofl@val                  cstackCOMRAM 000001
__accesstop                    (abs)        000060
__activetblptr                 (abs)        000001
__end_of_LCD_Char              text22       00268E
__end_of_LCD_Clear             text24       002936
__end_of_LCD_Command           text25       0026DE
__end_of_LCD_Init              text23       00287C
__end_of_LCD_String            text21       0028A8
__end_of_LCD_String_xy         text20       0027E6
__end_of_MSdelay               text26       002728
__end_of_PWM_Init              text19       00292E
__end_of_SetDutyCycleTo        text13       002544
__end_of_UART_Initial          text12       0025E0
__end_of_UART_Write            text11       002926
__end_of_USART_Read            text10       0028F8
__end_of___fladd               text18       001240
__end_of___fldiv               text17       0019F6
__end_of___flge                text7        002446
__end_of___flmul               text16       001666
__end_of___flneg               text6        00281E
__end_of___flsub               text5        00276E
__end_of___fltol               text15       002342
__end_of___xxtofl              text14       0020A4
__end_of__initialization       cinit        00279C
__end_of_keyfind               text9        001EF0
__end_of_main                  text0        000D8A
__end_of_memset                text8        00284E
__end_of_roundf                text4        001CD8
__end_of_setPeriodTo           text3        00223C
__end_of_strcmp                text2        00263E
__end_of_strcpy                text1        0028D2
__end_of_toint                 smallconst   000805
__initialization               cinit        00276E
__mediumconst                  smallconst   000800
__pbssBANK0                    bssBANK0     0000AC
__pbssCOMRAM                   bssCOMRAM    00005F
__pcinit                       cinit        00276E
__pcstackBANK0                 cstackBANK0  000060
__pcstackCOMRAM                cstackCOMRAM 000001
__pdataBANK0                   dataBANK0    000095
__pidataBANK0                  idataBANK0   0028F8
__psmallconst                  smallconst   000800
__ptext0                       text0        00086C
__ptext1                       text1        0028A8
__ptext10                      text10       0028D2
__ptext11                      text11       002910
__ptext12                      text12       002544
__ptext13                      text13       002446
__ptext14                      text14       001EF0
__ptext15                      text15       00223C
__ptext16                      text16       001240
__ptext17                      text17       001666
__ptext18                      text18       000D8A
__ptext19                      text19       002926
__ptext2                       text2        0025E0
__ptext20                      text20       0027AA
__ptext21                      text21       00287C
__ptext22                      text22       00263E
__ptext23                      text23       00284E
__ptext24                      text24       00292E
__ptext25                      text25       00268E
__ptext26                      text26       0026DE
__ptext3                       text3        0020A4
__ptext4                       text4        0019F6
__ptext5                       text5        002728
__ptext6                       text6        0027E6
__ptext7                       text7        002342
__ptext8                       text8        00281E
__ptext9                       text9        001CD8
__ramtop                       ramtop       000800
__smallconst                   smallconst   000800
_col_loc                       bssCOMRAM    00005F
_index                         bssBANK0     0000B0
_input                         bssBANK0     0000B6
_keyfind                       text9        001CD8
_keypad                        dataBANK0    000095
_main                          text0        00086C
_memset                        text8        00281E
_roundf                        text4        0019F6
_roundf$1299                   cstackBANK0  000072
_roundf$1300                   cstackBANK0  000064
_rowloc                        bssBANK0     0000B5
_setPeriodTo                   text3        0020A4
_setPeriodTo$1297              cstackBANK0  00007F
_storedData                    dataBANK0    0000A5
_strcmp                        text2        0025E0
_strcpy                        text1        0028A8
_temp_col                      bssBANK0     0000B4
_wrong_attempts                bssBANK0     0000B2
end_of_initialization          cinit        00279C
intlevel0                      text         000000
intlevel1                      text         000000
intlevel2                      text         000000
intlevel3                      text         000000
isa$std                        (abs)        000001
isa$xinst                      (abs)        000000
main@Period                    cstackBANK0  000092
main@data                      cstackBANK0  00008B
main@doi_mat_khau              cstackBANK0  000090
main@i                         cstackBANK0  00008C
main@key                       cstackBANK0  000094
main@t                         cstackBANK0  00008E
memset@c                       cstackCOMRAM 000002
memset@dest                    cstackCOMRAM 000001
memset@n                       cstackCOMRAM 000004
memset@p                       cstackCOMRAM 000006
roundf@F522                    bssBANK0     0000AC
roundf@e                       cstackBANK0  00006C
roundf@sign                    cstackBANK0  000076
roundf@u                       cstackBANK0  00006E
roundf@x                       cstackCOMRAM 000059
roundf@y                       cstackBANK0  000077
roundf@z                       cstackBANK0  000068
setPeriodTo@FPWM               cstackBANK0  00007B
setPeriodTo@TimerPrescaleBits  cstackBANK0  000083
setPeriodTo@TimerPrescaleValue cstackBANK0  000085
setPeriodTo@period             cstackBANK0  000087
stackhi                        (abs)        000000
stacklo                        (abs)        000000
start                          init         007FFC
start_initialization           cinit        00276E
strcmp@l                       cstackCOMRAM 000001
strcmp@r                       cstackCOMRAM 000002
strcpy@d                       cstackCOMRAM 000003
strcpy@dest                    cstackCOMRAM 000001
strcpy@src                     cstackCOMRAM 000002


MODULE INFORMATION

Module		Function		Class		Link	Load	Size
LCD_16x2_4bit_mode.c
		_LCD_String    		CODE           	287C	0000	44
		_LCD_Init      		CODE           	284E	0000	46
		_LCD_Command   		CODE           	268E	0000	80
		_LCD_String_xy 		CODE           	27AA	0000	60
		_LCD_Char      		CODE           	263E	0000	80
		_LCD_Clear     		CODE           	292E	0000	8
		_MSdelay       		CODE           	26DE	0000	74

LCD_16x2_4bit_mode.c estimated size: 392

C:\Program Files\Microchip\xc8\v3.00\pic\sources\c99\common\flge.c
		___flge        		CODE           	2342	0000	260

C:\Program Files\Microchip\xc8\v3.00\pic\sources\c99\common\flge.c estimated size: 260

C:\Program Files\Microchip\xc8\v3.00\pic\sources\c99\common\flneg.c
		___flneg       		CODE           	27E6	0000	56

C:\Program Files\Microchip\xc8\v3.00\pic\sources\c99\common\flneg.c estimated size: 56

newmain.c
		_keyfind       		CODE           	1CD8	0000	536
		_USART_Read    		CODE           	28D2	0000	38
		_setPeriodTo   		CODE           	20A4	0000	408
		_main          		CODE           	086C	0000	1310
		_UART_Initial  		CODE           	2544	0000	156
		_SetDutyCycleTo		CODE           	2446	0000	254
		_UART_Write    		CODE           	2910	0000	22
		_PWM_Init      		CODE           	2926	0000	8

newmain.c estimated size: 2732

C:\Program Files\Microchip\xc8\v3.00\pic\sources\c99\common\roundf.c
		_roundf        		CODE           	19F6	0000	738

C:\Program Files\Microchip\xc8\v3.00\pic\sources\c99\common\roundf.c estimated size: 738

C:\Program Files\Microchip\xc8\v3.00\pic\sources\c99\common\sprcmul.c
		___flmul       		CODE           	1240	0000	1062

C:\Program Files\Microchip\xc8\v3.00\pic\sources\c99\common\sprcmul.c estimated size: 1062

C:\Program Files\Microchip\xc8\v3.00\pic\sources\c99\common\sprcdiv.c
		___fldiv       		CODE           	1666	0000	912

C:\Program Files\Microchip\xc8\v3.00\pic\sources\c99\common\sprcdiv.c estimated size: 912

shared
		__initialization		CODE           	276E	0000	46
		_toint         		SMALLCONST     	0000	0000	0

shared estimated size: 46

C:\Program Files\Microchip\xc8\v3.00\pic\sources\c99\common\xxtofl.c
		___xxtofl      		CODE           	1EF0	0000	436

C:\Program Files\Microchip\xc8\v3.00\pic\sources\c99\common\xxtofl.c estimated size: 436

C:\Program Files\Microchip\xc8\v3.00\pic\sources\c99\common\strcmp.c
		_strcmp        		CODE           	25E0	0000	94

C:\Program Files\Microchip\xc8\v3.00\pic\sources\c99\common\strcmp.c estimated size: 94

C:\Program Files\Microchip\xc8\v3.00\pic\sources\c99\common\strcpy.c
		_strcpy        		CODE           	28A8	0000	42

C:\Program Files\Microchip\xc8\v3.00\pic\sources\c99\common\strcpy.c estimated size: 42

C:\Program Files\Microchip\xc8\v3.00\pic\sources\c99\common\memset.c
		_memset        		CODE           	281E	0000	48

C:\Program Files\Microchip\xc8\v3.00\pic\sources\c99\common\memset.c estimated size: 48

C:\Program Files\Microchip\xc8\v3.00\pic\sources\c99\common\fltol.c
		___fltol       		CODE           	223C	0000	262

C:\Program Files\Microchip\xc8\v3.00\pic\sources\c99\common\fltol.c estimated size: 262

C:\Program Files\Microchip\xc8\v3.00\pic\sources\c99\common\sprcadd.c
		___flsub       		CODE           	2728	0000	70
		___fladd       		CODE           	0D8A	0000	1206

C:\Program Files\Microchip\xc8\v3.00\pic\sources\c99\common\sprcadd.c estimated size: 1276

